> OK
OK
OK

> OK
OK
OK

> OK
OK
OK

> OK
OK
OK

> OK
OK
OK

> OK
OK
OK

> OK
OK
OK

> OK
OK
OK

> OK
OK
OK

> OK
OK
OK

> OK
OK
OK

> OK
OK
OK

> OK
OK
OK

> OK
OK
OK

> OK
OK
OK

> OK
OK
OK

> OK
OK
OK

> OK
OK
OK

> OK
OK
OK

> OK
OK
OK

> OK
OK
OK

> OK
OK
OK

> OK
OK
OK

> OK
OK
OK

> OK
OK
OK

> OK
OK
OK

> OK
OK
OK

> OK
OK
OK

> OK
OK
OK

> OK
OK
OK

> OK
OK
OK

> OK
OK
OK

> OK
OK
OK

> OK
OK
OK

> OK
OK
OK

> OK
OK
OK

> OK
OK
OK

> OK
OK
OK

> OK
OK
OK

> OK
OK
OK

> OK
OK
OK

> OK
OK
OK

> OK
OK
OK

> OK
OK
OK

> OK
OK
OK

> OK
OK
OK

> OK
OK
OK

> OK
OK
OK

> OK
OK
OK

> OK
OK
OK

> OK
OK
OK

> OK
OK
OK

> OK
OK
OK

> OK
OK
OK

> OK
OK
OK

> OK
OK
OK

> OK
OK
OK

> OK
OK
OK

> OK
OK
OK

> OK
OK
OK

> OK
OK
OK

> OK
OK
OK

> OK
OK
OK

> OK
OK
OK

> OK
OK
OK

> OK
OK
OK

> OK
OK
OK

> OK
OK
OK

> OK
OK
OK

> OK
OK
OK

> OK
OK
OK

> OK
OK
OK

> OK
OK
OK

> OK
OK
OK

> OK
OK
OK

> OK
OK
OK

> OK
OK
OK

> OK
OK
OK

> OK
OK
OK

> OK
OK
OK

> OK
OK
OK

> OK
OK
OK

> OK
OK
OK

> OK
OK
OK

> OK
OK
OK

> OK
OK
OK

> OK
OK
OK

> OK
OK
OK

> OK
OK
OK

> OK
OK
OK

> OK
OK
OK

> OK
OK
OK

> OK
OK
OK

> OK
OK
OK

> OK
OK
OK

> OK
OK
OK

> OK
OK
OK

> OK
OK
OK

> OK
OK
OK

> OK
[<vaga,sd,turno1>, <vaga,sd,turno2>, <vaga,sd,turno3>, <vaga,sd,turno4>, <vaga,sd,turno5>, <vaga,sd,turno6>, <vaga,sd,turno7>, <vaga,sd,turno8>, <vaga,sd,turno9>, <vaga,sd,turno10>, <vaga,sd,turno11>, <vaga,sd,turno12>, <vaga,sd,turno13>, <vaga,sd,turno14>, <vaga,sd,turno15>, <vaga,sd,turno16>, <vaga,sd,turno17>, <vaga,sd,turno18>, <vaga,sd,turno19>, <vaga,sd,turno20>, <vaga,sd,turno21>, <vaga,sd,turno22>, <vaga,sd,turno23>, <vaga,sd,turno24>, <vaga,sd,turno25>, <vaga,sd,turno26>, <vaga,sd,turno27>, <vaga,sd,turno28>, <vaga,sd,turno29>, <vaga,sd,turno30>, <vaga,sd,turno31>, <vaga,sd,turno32>, <vaga,sd,turno33>, <vaga,sd,turno34>, <vaga,sd,turno35>, <vaga,sd,turno36>, <vaga,sd,turno37>, <vaga,sd,turno38>, <vaga,sd,turno39>, <vaga,sd,turno40>, <vaga,sd,turno41>, <vaga,sd,turno42>, <vaga,sd,turno43>, <vaga,sd,turno44>, <vaga,sd,turno45>, <vaga,sd,turno46>, <vaga,sd,turno47>, <vaga,sd,turno48>, <vaga,sd,turno49>, <vaga,sd,turno50>, <vaga,sd,turno51>, <vaga,sd,turno52>, <vaga,sd,turno53>, <vaga,sd,turno54>, <vaga,sd,turno55>, <vaga,sd,turno56>, <vaga,sd,turno57>, <vaga,sd,turno58>, <vaga,sd,turno59>, <vaga,sd,turno60>, <vaga,sd,turno61>, <vaga,sd,turno62>, <vaga,sd,turno63>, <vaga,sd,turno64>, <vaga,sd,turno65>, <vaga,sd,turno66>, <vaga,sd,turno67>, <vaga,sd,turno68>, <vaga,sd,turno69>, <vaga,sd,turno70>, <vaga,sd,turno71>, <vaga,sd,turno72>, <vaga,sd,turno73>, <vaga,sd,turno74>, <vaga,sd,turno75>, <vaga,sd,turno76>, <vaga,sd,turno77>, <vaga,sd,turno78>, <vaga,sd,turno79>, <vaga,sd,turno80>, <vaga,sd,turno81>, <vaga,sd,turno82>, <vaga,sd,turno83>, <vaga,sd,turno84>, <vaga,sd,turno85>, <vaga,sd,turno86>, <vaga,sd,turno87>, <vaga,sd,turno88>, <vaga,sd,turno89>, <vaga,sd,turno90>, <vaga,sd,turno91>, <vaga,sd,turno92>, <vaga,sd,turno93>, <vaga,sd,turno94>, <vaga,sd,turno95>, <vaga,sd,turno96>, <vaga,sd,turno97>, <vaga,sd,turno98>, <vaga,sd,turno99>]

> OK
<vaga,sd,turno1>
OK
OK

> OK
<vaga,sd,turno3>
OK
OK

> OK
<vaga,sd,turno5>
OK
OK

> OK
<vaga,sd,turno7>
OK
OK

> OK
<vaga,sd,turno9>
OK
OK

> OK
<vaga,sd,turno11>
OK
OK

> OK
OK
<vaga,sd,turno13>
OK

> OK
<vaga,sd,turno15>
OK
OK

> OK
<vaga,sd,turno17>
OK
OK

> OK
<vaga,sd,turno19>
OK
OK

> OK
<vaga,sd,turno21>
OK
OK

> OK
<vaga,sd,turno23>
OK
OK

> OK
<vaga,sd,turno25>
OK
OK

> OK
<vaga,sd,turno27>
OK
OK

> OK
<vaga,sd,turno29>
OK
OK

> OK
<vaga,sd,turno31>
OK
OK

> OK
<vaga,sd,turno33>
OK
OK

> OK
<vaga,sd,turno35>
OK
OK

> OK
<vaga,sd,turno37>
OK
OK

> OK
<vaga,sd,turno39>
OK
OK

> OK
<vaga,sd,turno41>
OK
OK

> OK
<vaga,sd,turno43>
OK
OK

> OK
<vaga,sd,turno45>
OK
OK

> OK
OK
<vaga,sd,turno47>
OK

> OK
<vaga,sd,turno49>
OK
OK

> OK
<vaga,sd,turno51>
OK
OK

> OK
<vaga,sd,turno53>
OK
OK

> OK
<vaga,sd,turno55>
OK
OK

> OK
<vaga,sd,turno57>
OK
OK

> OK
<vaga,sd,turno59>
OK
OK

> OK
<vaga,sd,turno61>
OK
OK

> OK
<vaga,sd,turno63>
OK
OK

> OK
<vaga,sd,turno65>
OK
OK

> OK
<vaga,sd,turno67>
OK
OK

> OK
<vaga,sd,turno69>
OK
OK

> OK
<vaga,sd,turno71>
OK
OK

> OK
<vaga,sd,turno73>
OK
OK

> OK
<vaga,sd,turno75>
OK
OK

> OK
<vaga,sd,turno77>
OK
OK

> OK
<vaga,sd,turno79>
OK
OK

> OK
<vaga,sd,turno81>
OK
OK

> OK
<vaga,sd,turno83>
OK
OK

> OK
<vaga,sd,turno85>
OK
OK

> OK
<vaga,sd,turno87>
OK
OK

> OK
<vaga,sd,turno89>
OK
OK

> OK
<vaga,sd,turno91>
OK
OK

> OK
<vaga,sd,turno93>
OK
OK

> OK
<vaga,sd,turno95>
OK
OK

> OK
<vaga,sd,turno97>
OK
OK

> OK
<vaga,sd,turno99>
OK
OK

> OK
[<vaga,sd,turno2>, <vaga,sd,turno4>, <vaga,sd,turno6>, <vaga,sd,turno8>, <vaga,sd,turno10>, <vaga,sd,turno12>, <vaga,sd,turno14>, <vaga,sd,turno16>, <vaga,sd,turno18>, <vaga,sd,turno20>, <vaga,sd,turno22>, <vaga,sd,turno24>, <vaga,sd,turno26>, <vaga,sd,turno28>, <vaga,sd,turno30>, <vaga,sd,turno32>, <vaga,sd,turno34>, <vaga,sd,turno36>, <vaga,sd,turno38>, <vaga,sd,turno40>, <vaga,sd,turno42>, <vaga,sd,turno44>, <vaga,sd,turno46>, <vaga,sd,turno48>, <vaga,sd,turno50>, <vaga,sd,turno52>, <vaga,sd,turno54>, <vaga,sd,turno56>, <vaga,sd,turno58>, <vaga,sd,turno60>, <vaga,sd,turno62>, <vaga,sd,turno64>, <vaga,sd,turno66>, <vaga,sd,turno68>, <vaga,sd,turno70>, <vaga,sd,turno72>, <vaga,sd,turno74>, <vaga,sd,turno76>, <vaga,sd,turno78>, <vaga,sd,turno80>, <vaga,sd,turno82>, <vaga,sd,turno84>, <vaga,sd,turno86>, <vaga,sd,turno88>, <vaga,sd,turno90>, <vaga,sd,turno92>, <vaga,sd,turno94>, <vaga,sd,turno96>, <vaga,sd,turno98>]

> OK
<vaga,sd,turno2>
OK
OK

> OK
<vaga,sd,turno4>
OK
OK

> OK
<vaga,sd,turno6>
OK
OK

> OK
<vaga,sd,turno8>
OK
OK

> OK
<vaga,sd,turno10>
OK
OK

> OK
<vaga,sd,turno12>
OK
OK

> OK
<vaga,sd,turno14>
OK
OK

> OK
<vaga,sd,turno16>
OK
OK

> OK
<vaga,sd,turno18>
OK
OK

> OK
<vaga,sd,turno20>
OK
OK

> OK
<vaga,sd,turno22>
OK
OK

> OK
<vaga,sd,turno24>
OK
OK

> OK
<vaga,sd,turno26>
OK
OK

> OK
<vaga,sd,turno28>
OK
OK

> OK
<vaga,sd,turno30>
OK
OK

> OK
<vaga,sd,turno32>
OK
OK

> OK
<vaga,sd,turno34>
OK
OK

> OK
<vaga,sd,turno36>
OK
OK

> OK
<vaga,sd,turno38>
OK
OK

> OK
<vaga,sd,turno40>
OK
OK

> OK
<vaga,sd,turno42>
OK
OK

> OK
<vaga,sd,turno44>
OK
OK

> OK
<vaga,sd,turno46>
OK
OK

> OK
<vaga,sd,turno48>
OK
OK

> OK
<vaga,sd,turno50>
OK
OK

> OK
<vaga,sd,turno52>
OK
OK

> OK
<vaga,sd,turno54>
OK
OK

> OK
<vaga,sd,turno56>
OK
OK

> OK
OK
<vaga,sd,turno58>
OK

> OK
<vaga,sd,turno60>
OK
OK

> OK
OK
OK
<vaga,sd,turno62>

> OK
<vaga,sd,turno64>
OK
OK

> OK
<vaga,sd,turno66>
OK
OK

> OK
<vaga,sd,turno68>
OK
OK

> OK
<vaga,sd,turno70>
OK
OK

> OK
<vaga,sd,turno72>
OK
OK

> OK
<vaga,sd,turno74>
OK
OK

> OK
<vaga,sd,turno76>
OK
OK

> OK
<vaga,sd,turno78>
OK
OK

> OK
<vaga,sd,turno80>
OK
OK

> OK
<vaga,sd,turno82>
OK
OK

> OK
<vaga,sd,turno84>
OK
OK

> OK
<vaga,sd,turno86>
OK
OK

> OK
<vaga,sd,turno88>
OK
OK

> OK
<vaga,sd,turno90>
OK
OK

> OK
<vaga,sd,turno92>
OK
OK

> OK
<vaga,sd,turno94>
OK
OK

> OK
<vaga,sd,turno96>
OK
OK

> OK
OK
<vaga,sd,turno98>
OK

> OK
[]

> 